  停止前 active 的 autopilot：
  规格对账 (dbfc61f9-bb64-4a3a-a0f2-473c7a52d2e9)
  agent 成绩单 (7cd30735-b5c1-4508-968f-c9724a2d0045)
  规则复盘 (db8a1d24-3554-4068-a9ab-c6fde6b97ef9)
  路线图对账 (bf4ba2fc-363c-4158-9523-5a4a16206518)
  推进巡检 (d5460f89-b3a3-4d9a-9d9f-5649cbf4bee9)
  老代码巡检 (06176217-ae66-46fe-8ebe-246efceddc66)
  前沿扫描 (8c24bd61-89e7-4344-ac5f-db8986879728)
  部署结果 (d6999474-3656-469b-9458-14eaa133b778)
  每日摘要 (6a008259-6b70-495a-bde1-e29833fa7f3d)
  整合审计 (76b7f0fd-8a62-49ca-9229-56396b77f963)
  将暂停的 autopilot：
  规格对账 (dbfc61f9-bb64-4a3a-a0f2-473c7a52d2e9)
  agent 成绩单 (7cd30735-b5c1-4508-968f-c9724a2d0045)
  规则复盘 (db8a1d24-3554-4068-a9ab-c6fde6b97ef9)
  路线图对账 (bf4ba2fc-363c-4158-9523-5a4a16206518)
  推进巡检 (d5460f89-b3a3-4d9a-9d9f-5649cbf4bee9)
  老代码巡检 (06176217-ae66-46fe-8ebe-246efceddc66)
  前沿扫描 (8c24bd61-89e7-4344-ac5f-db8986879728)
  部署结果 (d6999474-3656-469b-9458-14eaa133b778)
  每日摘要 (6a008259-6b70-495a-bde1-e29833fa7f3d)
  整合审计 (76b7f0fd-8a62-49ca-9229-56396b77f963)
  将取消的运行：
01a0ea7d-0d2c-785e-96d8-a6de280f7612 running 01a0ea7d-0d1e-7220-be0e-8a84d403ec0c
  预览完成；加 --apply 执行
